[D:/红案/红岸/backblue.gif]
[D:/红案/红岸/fade.gif]
[D:/红案/红岸/index.html]
[D:/红案/红岸/zhina.red/index.html]
[D:/红案/红岸/zhina.red/index-2.html]
[D:/红案/红岸/zhina.red/images/maine559.css]
[D:/红案/红岸/zhina.red/images/siteutil9876.js]
[D:/红案/红岸/zhina.red/sblist.html]
[D:/红案/红岸/zhina.red/newslist.html]
[D:/红案/红岸/zhina.red/persondetaild11c.html]
[D:/红案/红岸/zhina.red/images/caf158a3-5755-47e8-a81e-8231851aee8369bf.jpeg]
[D:/红案/红岸/zhina.red/persondetail7467.html]
[D:/红案/红岸/zhina.red/images/eb8b2b36-2ddb-4140-9f54-f0a7dc6c811274eb.jpeg]
[D:/红案/红岸/zhina.red/persondetail52b5.html]
[D:/红案/红岸/zhina.red/persondetail9727.html]
[D:/红案/红岸/zhina.red/persondetailc696.html]
[D:/红案/红岸/zhina.red/persondetailc943.html]
[D:/红案/红岸/zhina.red/persondetaile40f.html]
[D:/红案/红岸/zhina.red/images/4f5a79a3-5da8-4363-aa39-531fe4a5a799e432.png]
[D:/红案/红岸/zhina.red/persondetail1d00.html]
[D:/红案/红岸/zhina.red/persondetaile820.html]
[D:/红案/红岸/zhina.red/images/246967ee-6039-4d4c-a2c5-e83d6e37a94159f3.png]
[D:/红案/红岸/zhina.red/images/00ca5b01-c46f-4185-986e-b76f10d317eb9d54.jpeg]
[D:/红案/红岸/zhina.red/images/97804828-0a42-410c-b809-0eaa274e806e2ece.jpeg]
[D:/红案/红岸/zhina.red/images/f74a17e4-e89f-49d1-b464-95154bce53b38813.jpeg]
[D:/红案/红岸/zhina.red/images/21112106-ad05-4933-a3f7-8e80ac91eac00312.png]
[D:/红案/红岸/zhina.red/images/e8a80056-3583-4bfb-9ac7-140968e17b791a5e.png]
[D:/红案/红岸/zhina.red/images/a44560d2-8171-4957-9f5d-79b7fe1d37c66245.jpeg]
[D:/红案/红岸/zhina.red/images/0c33624c-277d-4eb6-9561-ba383dea2d979e87.jpeg]
[D:/红案/红岸/zhina.red/images/55bf5a82-d41e-49cb-8195-01585a9a44857ba8.png]
[D:/红案/红岸/zhina.red/images/b19d2523-0974-4260-af42-bda047ccb1128ae8.jpeg]
[D:/红案/红岸/zhina.red/images/e954ed5c-2e70-42bd-9260-6bc6aca5ecd5b629.jpeg]
[D:/红案/红岸/zhina.red/persondetail4534.html]
[D:/红案/红岸/zhina.red/persondetail00f3.html]
[D:/红案/红岸/zhina.red/persondetail6c84.html]
[D:/红案/红岸/zhina.red/persondetail0589.html]
[D:/红案/红岸/zhina.red/persondetail2d56.html]
[D:/红案/红岸/zhina.red/persondetail0541.html]
[D:/红案/红岸/zhina.red/persondetaila745.html]
[D:/红案/红岸/zhina.red/persondetailc440.html]
[D:/红案/红岸/zhina.red/persondetailb8a4.html]
[D:/红案/红岸/zhina.red/readnewsb219.html]
[D:/红案/红岸/zhina.red/readnews5466.html]
[D:/红案/红岸/zhina.red/readnews8602.html]
[D:/红案/红岸/zhina.red/index-2.html]
[D:/红案/红岸/zhina.red/persondetailf086.html]
[D:/红案/红岸/zhina.red/persondetail1f83.html]
[D:/红案/红岸/zhina.red/persondetail441c.html]
[D:/红案/红岸/zhina.red/persondetail185b.html]
[D:/红案/红岸/zhina.red/persondetailfbf8.html]
[D:/红案/红岸/zhina.red/persondetail4b94.html]
[D:/红案/红岸/zhina.red/persondetail1071.html]
[D:/红案/红岸/zhina.red/persondetail4a9c.html]
[D:/红案/红岸/zhina.red/persondetail16b4.html]
[D:/红案/红岸/zhina.red/persondetailfb2e.html]
[D:/红案/红岸/zhina.red/persondetail9233.html]
[D:/红案/红岸/zhina.red/persondetailaa87.html]
[D:/红案/红岸/zhina.red/persondetail16fe.html]
[D:/红案/红岸/zhina.red/persondetaild89f.html]
[D:/红案/红岸/zhina.red/persondetail31e7.html]
[D:/红案/红岸/zhina.red/persondetailc8f3.html]
[D:/红案/红岸/zhina.red/persondetail02d7.html]
[D:/红案/红岸/zhina.red/persondetail429e.html]
[D:/红案/红岸/zhina.red/persondetail12ac.html]
[D:/红案/红岸/zhina.red/persondetailfefd.html]
[D:/红案/红岸/zhina.red/persondetail84a2.html]
[D:/红案/红岸/zhina.red/persondetailb81f.html]
[D:/红案/红岸/zhina.red/persondetail5c8b.html]
[D:/红案/红岸/zhina.red/persondetailc518.html]
[D:/红案/红岸/zhina.red/persondetail7cb8.html]
[D:/红案/红岸/zhina.red/persondetail1e6e.html]
[D:/红案/红岸/zhina.red/persondetaildf69.html]
[D:/红案/红岸/zhina.red/persondetail9896.html]
[D:/红案/红岸/zhina.red/persondetailcfec.html]
[D:/红案/红岸/zhina.red/persondetaila59d.html]
[D:/红案/红岸/zhina.red/persondetail9ae5.html]
[D:/红案/红岸/zhina.red/persondetail4cd1.html]
[D:/红案/红岸/zhina.red/persondetail3b85.html]
[D:/红案/红岸/zhina.red/persondetail8683.html]
[D:/红案/红岸/zhina.red/persondetailef26.html]
[D:/红案/红岸/zhina.red/persondetailcc08.html]
[D:/红案/红岸/zhina.red/persondetaila8b2.html]
[D:/红案/红岸/zhina.red/persondetail0c24.html]
[D:/红案/红岸/zhina.red/persondetailde2b.html]
[D:/红案/红岸/zhina.red/persondetail494f.html]
[D:/红案/红岸/zhina.red/persondetailfc13.html]
[D:/红案/红岸/zhina.red/persondetail54bd.html]
[D:/红案/红岸/zhina.red/persondetail75e6.html]
[D:/红案/红岸/zhina.red/persondetaile5f8.html]
[D:/红案/红岸/zhina.red/persondetaila8d6.html]
[D:/红案/红岸/zhina.red/persondetaila69b.html]
[D:/红案/红岸/zhina.red/persondetail76aa.html]
[D:/红案/红岸/zhina.red/persondetail82f2.html]
[D:/红案/红岸/zhina.red/persondetail6f8f.html]
[D:/红案/红岸/zhina.red/persondetail1011.html]
[D:/红案/红岸/zhina.red/persondetail136b.html]
[D:/红案/红岸/zhina.red/persondetail99ca.html]
[D:/红案/红岸/zhina.red/persondetailf0a0.html]
[D:/红案/红岸/zhina.red/persondetail848d.html]
[D:/红案/红岸/zhina.red/sblist.html]
[D:/红案/红岸/zhina.red/newslist.html]
[D:/红案/红岸/zhina.red/persondetailc055.html]
[D:/红案/红岸/zhina.red/images/fe3acabe-3f71-4914-a5b9-759d8c4138715ccd.png]
[D:/红案/红岸/zhina.red/images/2498d4b5-74e9-4da7-901f-c818c39ecd16229e.jpeg]
[D:/红案/红岸/zhina.red/images/975487c3-bfa0-46a5-9bbb-2e968195ce674066.jpeg]
[D:/红案/红岸/zhina.red/images/53e73f7e-64e4-4c8b-bd7d-fb270dd3c97fcf4f.jpeg]
[D:/红案/红岸/zhina.red/images/d1336f67-f7ec-4b99-9450-49510af97d45ef6e.png]
[D:/红案/红岸/zhina.red/email-protection.html]
[D:/红案/红岸/zhina.red/persondetaild11c.html]
[D:/红案/红岸/zhina.red/persondetail7467.html]
[D:/红案/红岸/zhina.red/images/email-decode.min.js]
[D:/红案/红岸/zhina.red/images/090ac0fc-45be-420a-8a86-7ab8ee2a7437d7d4.jpeg]
[D:/红案/红岸/zhina.red/images/163f6fbb-d42f-4fda-a607-66f1ee2ccba7d1d4.jpeg]
[D:/红案/红岸/zhina.red/images/275c1be5-3528-4376-a6ef-5e534cafd961bfde.jpeg]
[D:/红案/红岸/zhina.red/images/e17fc909-45ab-4a84-b8a6-08e9d3fbc7bc1990.jpeg]
[D:/红案/红岸/zhina.red/persondetail52b5.html]
[D:/红案/红岸/zhina.red/images/fab2b939-8be1-4f54-bc73-c09707a054d042a7.jpeg]
[D:/红案/红岸/zhina.red/images/aa7bcc15-0886-411c-bf0a-cc5b8eff2cf0e7fb.jpeg]
[D:/红案/红岸/zhina.red/images/6f9786aa-008b-4ecd-bd5d-7bd3462d37e947ac.jpeg]
[D:/红案/红岸/zhina.red/images/63b7010d-bf85-4eae-a8d5-7e40abec09c719a6.jpeg]
[D:/红案/红岸/zhina.red/images/6dfb77f9-8383-45fd-8727-ff743ca68cae1091.png]
[D:/红案/红岸/zhina.red/images/cacf1de4-8e44-4c8b-9d08-f78ea419cb880270.jpeg]
[D:/红案/红岸/zhina.red/images/40bb9044-8700-403a-9622-857748470d61ea02.jpeg]
[D:/红案/红岸/zhina.red/images/b03f14ea-959d-4702-99c8-9f7a896b2e9860ae.png]
[D:/红案/红岸/zhina.red/images/d22aa0f6-db3c-4ce8-b8a2-b218c695fc405205.jpeg]
[D:/红案/红岸/zhina.red/images/064c04ae-216a-4236-9934-7941207c95de6c3c.jpeg]
[D:/红案/红岸/zhina.red/images/27b1fb88-078f-4bee-8813-d07597eb947cbaa6.jpeg]
[D:/红案/红岸/zhina.red/images/b140d841-6533-4f8d-ae61-b3c25f6126453e92.jpeg]
[D:/红案/红岸/zhina.red/images/fd4fbd51-da6d-4248-9e0c-7eb7de4f4a1c542b.jpeg]
[D:/红案/红岸/zhina.red/images/88cc0739-312a-4461-b316-9f39238ee92f8e92.jpeg]
[D:/红案/红岸/zhina.red/images/56de2db7-bfa9-4d48-8220-29e67e55cdcd8197.jpeg]
[D:/红案/红岸/zhina.red/images/48874471-fe82-458b-a963-5507a71fbd2b81ce.jpeg]
[D:/红案/红岸/zhina.red/images/3a4aae6d-e2ce-44ed-9d7c-3915206bc9ef2de6.plain]
[D:/红案/红岸/zhina.red/images/c009358c-e041-4610-a3e0-890f88e66804a3e0.jpeg]
[D:/红案/红岸/zhina.red/dangerous_outbound_warningb892.html]
[D:/红案/红岸/zhina.red/persondetail9727.html]
[D:/红案/红岸/zhina.red/images/b46d77aa-fd83-47b2-af90-1baeb69ea4910c3b.jpeg]
[D:/红案/红岸/zhina.red/images/9217ced8-6b1b-4f66-ae47-1f950da9e3d52340.png]
[D:/红案/红岸/zhina.red/images/eab7765d-1a5a-4c4d-8817-d9e17c2351fa46d3.csv]
[D:/红案/红岸/zhina.red/images/559bdaeb-c445-4df9-8eef-5d32059d80ceca20.png]
[D:/红案/红岸/zhina.red/dangerous_outbound_warning5e36.html]
[D:/红案/红岸/zhina.red/persondetailc696.html]
[D:/红案/红岸/zhina.red/images/f15d88fe-f3f5-4f8a-925b-57c30b3bc44290e8.jpeg]
[D:/红案/红岸/zhina.red/images/38ab320e-002b-4a4a-8635-c74b8f401712d2d1.jpeg]
[D:/红案/红岸/zhina.red/images/c9007d00-bb91-46f1-913f-eb3c2a4ae7b5cebe.jpeg]
[D:/红案/红岸/zhina.red/images/e9bfe55a-055e-4ba2-96d5-b50b9c68372ef6e7.jpeg]
[D:/红案/红岸/zhina.red/persondetailc943.html]
[D:/红案/红岸/zhina.red/images/db77c421-936c-4802-90b0-91ec5c676ad33727.png]
[D:/红案/红岸/zhina.red/images/e4cd4f41-9c1f-4531-a97d-2f67808f7c5acc13.png]
[D:/红案/红岸/zhina.red/images/90047c3b-af36-4785-8dbd-26b8c1d912e715e3.png]
[D:/红案/红岸/zhina.red/images/00c300a8-73ce-48d0-9e11-b604eba77a662617.jpeg]
[D:/红案/红岸/zhina.red/images/24ea2198-9303-458d-b43f-1464aae5ad71b98e.jpeg]
[D:/红案/红岸/zhina.red/images/7d46ccf8-3f1c-4c27-9f5d-10e3edde5a729c58.jpeg]
[D:/红案/红岸/zhina.red/images/74c3e555-34c2-45b1-80a7-f8c431d152be47f2.jpeg]
[D:/红案/红岸/zhina.red/persondetaile40f.html]
[D:/红案/红岸/zhina.red/images/3b1c2aa1-7dd6-485a-982f-8f7418aa2b8a5639.jpeg]
[D:/红案/红岸/zhina.red/images/a41b2a84-7ade-4c3f-b4ed-4c04c938aae957c4.png]
[D:/红案/红岸/zhina.red/dangerous_outbound_warningcbcf.html]
[D:/红案/红岸/zhina.red/persondetail1d00.html]
[D:/红案/红岸/zhina.red/images/f5106abe-72e4-408b-9cb6-0d2da765ee723800.png]
[D:/红案/红岸/zhina.red/images/67088399-3a00-4134-9e92-6eabee0853bb76f5.png]
[D:/红案/红岸/zhina.red/images/bfd78a66-0158-4aeb-bce8-a4bbd57b3d4ad7e5.png]
[D:/红案/红岸/zhina.red/images/0a5cdcfb-37b9-49e9-8030-1032c7d8c81c2e01.png]
[D:/红案/红岸/zhina.red/images/20db8954-37d1-4a7e-8c60-7da127bb5bd50ad7.jpeg]
[D:/红案/红岸/zhina.red/persondetaile820.html]
[D:/红案/红岸/zhina.red/images/9a791040-8a3e-4764-9f8b-da107aa3df3ee131.jpeg]
[D:/红案/红岸/zhina.red/images/17ff0023-e389-4e4a-938a-deb690f627586911.jpeg]
[D:/红案/红岸/zhina.red/images/6b1cee08-891c-4552-9427-46f538845c9c5ed3.jpeg]
[D:/红案/红岸/zhina.red/images/1d1f61f5-d841-486c-a50e-6c2dc0eda5db2a85.jpeg]
[D:/红案/红岸/zhina.red/images/5dcbd608-e390-4ecf-8f4a-6e7c45d42d6b960b.jpeg]
[D:/红案/红岸/zhina.red/images/f9110680-e26d-4f12-8530-61d7c212fda8261c.jpeg]
[D:/红案/红岸/zhina.red/images/3a23b6bb-c149-4139-a734-e43c5b21f50797e3.png]
[D:/红案/红岸/zhina.red/images/8ac4efe8-c1fb-4e1e-a848-c68a747abb3f7860.jpeg]
[D:/红案/红岸/zhina.red/images/0360af60-ac46-4301-b98b-a989c19ae12ef65a.png]
[D:/红案/红岸/zhina.red/images/506ffe42-c99e-4f15-a2c8-ba5e7cc0833c7f7a.jpeg]
[D:/红案/红岸/zhina.red/images/17a4bae5-851d-49e2-80ce-888fb65029802363.jpeg]
[D:/红案/红岸/zhina.red/images/c5a3bb76-6b58-4cd9-a5e2-fd478118f44337f7.jpeg]
[D:/红案/红岸/zhina.red/images/d225b7ce-1c25-4900-840e-69ac5dadfbbb0307.jpeg]
[D:/红案/红岸/zhina.red/images/935374e2-18e2-42c3-b865-acc1407cbddc03ac.jpeg]
[D:/红案/红岸/zhina.red/images/47909527-6132-4511-9286-33917dba2cbeaaed.jpeg]
[D:/红案/红岸/zhina.red/images/0076119a-232d-494f-bb5a-feacf3b42232410d.jpeg]
[D:/红案/红岸/zhina.red/dangerous_outbound_warningff1b.html]
[D:/红案/红岸/zhina.red/persondetail4534.html]
[D:/红案/红岸/zhina.red/images/d5252373-b29d-480b-83aa-e3ee381d52b39a52.png]
[D:/红案/红岸/zhina.red/persondetail00f3.html]
[D:/红案/红岸/zhina.red/images/3585af34-553e-4d18-a8d7-01cd3ab4efe8a7f4.png]
[D:/红案/红岸/zhina.red/images/18bbe612-7eb4-40b9-a0c0-261fee270f1e89f3.jpeg]
[D:/红案/红岸/zhina.red/images/3a1450ca-5ac9-4713-8af2-decce1db8305f83e.png]
[D:/红案/红岸/zhina.red/images/ce590a5a-040a-4d91-881b-e75352c8ee199a9c.png]
[D:/红案/红岸/zhina.red/images/7fce749b-b8b7-47e7-acda-4a387549017280b2.png]
[D:/红案/红岸/zhina.red/images/2a10b319-b97e-475e-a596-d07d5d289e55831d.png]
[D:/红案/红岸/zhina.red/images/ff7bbd36-8f12-4295-929a-9ac42bf2788a91ee.png]
[D:/红案/红岸/zhina.red/images/1766200c-3456-401d-9125-e15f425355b4b46c.jpeg]
[D:/红案/红岸/zhina.red/images/c645a803-65e0-492b-99ef-2c1926ee0b0a23f9.jpeg]
[D:/红案/红岸/zhina.red/images/dd19ec88-06d0-4503-b87a-fcf156ffedfdd923.jpeg]
[D:/红案/红岸/zhina.red/images/7d2058aa-5796-46a4-a2f9-763745ca9f725e8c.jpeg]
[D:/红案/红岸/zhina.red/images/62d92128-493c-4da4-9c4f-7957ecb471b3124c.jpeg]
[D:/红案/红岸/zhina.red/images/f774aeea-8ea3-4341-b935-63082daafe844fd9.jpeg]
[D:/红案/红岸/zhina.red/images/177409d0-7b40-44dd-89e2-452e8b017be153a9.csv]
[D:/红案/红岸/zhina.red/persondetail2d56.html]
[D:/红案/红岸/zhina.red/readnewsb219.html]
[D:/红案/红岸/zhina.red/readnews5466.html]
[D:/红案/红岸/zhina.red/images/2c1e20a2-53b5-4da2-a5cc-fc6785839f7aaa5a.jpeg]
[D:/红案/红岸/zhina.red/images/8a19b576-a21b-493f-a4d0-6822eb435936fafe.jpeg]
[D:/红案/红岸/zhina.red/images/f0702f23-df8c-49e7-aa8f-15e7aa08684baaf8.png]
[D:/红案/红岸/zhina.red/images/c14a61ed-f41d-4f86-96b3-1daa9b6bfeb98841.png]
[D:/红案/红岸/zhina.red/images/354b119f-299f-4c9a-9df4-4c46f5f80bccdc15.png]
[D:/红案/红岸/zhina.red/images/c3f28206-4b3c-4d3e-8338-85a91fde8ac85a0b.png]
[D:/红案/红岸/zhina.red/images/61aa0410-e3e9-4478-9d4d-4edc77dce62d7e37.png]
[D:/红案/红岸/zhina.red/images/652900c6-ca22-4863-a656-5dbde61a5ab15a0b.png]
[D:/红案/红岸/zhina.red/images/9ae36fe0-b118-4533-bf5a-1c8d15d8b6f384e7.png]
[D:/红案/红岸/zhina.red/images/f1e177c1-5cda-4612-8fa3-564ef83967a7e37f.jpeg]
[D:/红案/红岸/zhina.red/images/9bfdde55-9dc7-4530-ab69-9bb94ee92e8e86d8.jpeg]
[D:/红案/红岸/zhina.red/images/f5714e26-dbd9-4d05-9b6e-b51bbeeda0c60b7f.png]
[D:/红案/红岸/zhina.red/images/38dc7e8f-ee30-4c7a-854b-820136ac16ad5270.jpeg]
[D:/红案/红岸/zhina.red/images/8d9be67f-90e2-4baf-919a-a9dd91255d6eb282.png]
[D:/红案/红岸/zhina.red/images/d15cb085-1f62-47f3-b6f7-ca3097f3a4841e16.png]
[D:/红案/红岸/zhina.red/images/45b8a601-7d6c-4a90-90e6-4f3c04d44a62972a.png]
[D:/红案/红岸/zhina.red/images/1ccfce40-28ca-4b87-a785-d4ee07e46eeb7656.png]
[D:/红案/红岸/zhina.red/images/bce941b4-0da6-45e6-8cbb-e3235b68683dae9d.png]
[D:/红案/红岸/zhina.red/images/94e86ed7-1e55-4a09-b8e3-7a93a9e998c65a09.png]
[D:/红案/红岸/zhina.red/images/c03b6f4e-f387-4aac-9868-2638513123630fc9.png]
[D:/红案/红岸/zhina.red/images/971f42fd-668f-409f-8254-38dd4ca80bfa634a.png]
[D:/红案/红岸/zhina.red/images/87db40c9-8696-469c-97d7-030dba4118f36582.png]
[D:/红案/红岸/zhina.red/images/a6b27fc5-bacd-4e70-bec5-9ca092dc4f5ce8cd.jpeg]
[D:/红案/红岸/zhina.red/images/479e142d-8647-47e8-ae24-dd50dad48d8e0f75.png]
[D:/红案/红岸/zhina.red/images/c11defd4-64d9-46c6-8f30-6d10ff2633a97ea0.png]
[D:/红案/红岸/zhina.red/persondetailf086.html]
[D:/红案/红岸/zhina.red/images/63f17778-539a-4bce-a2ba-290ca10d7e730311.jpeg]
[D:/红案/红岸/zhina.red/dangerous_outbound_warningf5f4.html]
[D:/红案/红岸/zhina.red/persondetail1f83.html]
[D:/红案/红岸/zhina.red/images/6ead02eb-22ae-46b0-b1c1-5016e7f9d57c2132.png]
[D:/红案/红岸/zhina.red/images/4e89cf5a-e192-4fba-b374-ba4726887e9d46dc.png]
[D:/红案/红岸/zhina.red/images/bfa471e6-23e2-4b0a-831f-33e9ce7c43a70a3e.png]
[D:/红案/红岸/zhina.red/images/a0fd50bc-4203-477e-8ff3-10e20d37c4052e52.png]
[D:/红案/红岸/zhina.red/dangerous_outbound_warninge2af.html]
[D:/红案/红岸/zhina.red/persondetailfbf8.html]
[D:/红案/红岸/zhina.red/images/10d7b963-11e1-4d42-980d-c4364bf570881c90.jpeg]
[D:/红案/红岸/zhina.red/images/1b99dd9e-72fb-4565-b77d-1e8fdc599fc094fa.jpeg]
[D:/红案/红岸/zhina.red/images/1ddfda67-68f3-4e88-adab-b18cd707f3b2cfdc.jpeg]
[D:/红案/红岸/zhina.red/images/c054b7e7-8f4f-475a-ab13-fb8efe89c1d87053.jpeg]
[D:/红案/红岸/zhina.red/images/374724a5-6db0-46de-b74c-ecca552b99b9961f.jpeg]
[D:/红案/红岸/zhina.red/images/5a541e34-7f76-485e-9a5a-c749500f1379173a.jpeg]
[D:/红案/红岸/zhina.red/images/f018e6eb-35dd-4371-9a2d-c487ab7643610ce2.jpeg]
[D:/红案/红岸/zhina.red/dangerous_outbound_warningac76.html]
[D:/红案/红岸/zhina.red/persondetail4b94.html]
[D:/红案/红岸/zhina.red/images/31e660bf-f0d6-4373-980c-afdea379420ceb8e.octet-stream]
[D:/红案/红岸/zhina.red/images/893a1e73-b19c-4284-beae-f2fd523e4c5f7e3f.jpeg]
[D:/红案/红岸/zhina.red/images/067edb53-190b-448b-8950-b745cfb606f9a694.jpeg]
[D:/红案/红岸/zhina.red/persondetail4a9c.html]
[D:/红案/红岸/zhina.red/images/490d8b54-96b3-46e9-8463-25766d3f88529b56.png]
[D:/红案/红岸/zhina.red/images/3f97b924-0748-4842-b8d2-5571fc3976aa1a5f.png]
[D:/红案/红岸/zhina.red/images/5059dfe3-6c2f-4169-abc5-aa553902227a63fe.png]
[D:/红案/红岸/zhina.red/images/76e88c1a-fbc3-4e0c-be00-c29edbbe7259f808.png]
[D:/红案/红岸/zhina.red/images/5c158c2e-ad50-43dd-93f5-c266f065ce423fad.png]
[D:/红案/红岸/zhina.red/persondetail16b4.html]
[D:/红案/红岸/zhina.red/images/abc46fcc-e191-4f98-9dfb-9b559283f69ce138.png]
[D:/红案/红岸/zhina.red/images/20bfa764-d6a0-48ef-8f73-23640aa4e0b20c8e.jpeg]
[D:/红案/红岸/zhina.red/images/5b844026-009f-4bf8-967c-e3ed11e39c717c52.jpeg]
[D:/红案/红岸/zhina.red/persondetail9233.html]
[D:/红案/红岸/zhina.red/images/a162043f-78de-4e26-b2e5-26e739abd93154c7.jpeg]
[D:/红案/红岸/zhina.red/images/e8b32853-5741-4f54-a97e-e6e0e320797a5193.jpeg]
[D:/红案/红岸/zhina.red/images/d2382324-5e4d-44ff-9cf9-c2b06e9e742697b7.jpeg]
[D:/红案/红岸/zhina.red/images/8392d4db-e2d4-40fa-ad59-3dbc388ba9e05ff3.jpeg]
[D:/红案/红岸/zhina.red/images/710d3b38-4b37-46b6-88a7-ee10ee8c36566906.jpeg]
[D:/红案/红岸/zhina.red/images/0c21d68c-675d-4a6d-a13a-bcd627ebd668f206.jpeg]
[D:/红案/红岸/zhina.red/dangerous_outbound_warning5ecd.html]
[D:/红案/红岸/zhina.red/persondetaild89f.html]
[D:/红案/红岸/zhina.red/images/57057932-1b52-4ae3-9e5a-e1f7bb32fa777f2b.octet-stream]
[D:/红案/红岸/zhina.red/images/9b8449ba-4582-4c83-8ac3-98ed084305a8101d.png]
[D:/红案/红岸/zhina.red/images/88fa123c-beb7-4534-b814-96fdede93d0593e0.png]
[D:/红案/红岸/zhina.red/images/a7400560-8494-4393-91ca-703bd35f93a0abc5.png]
[D:/红案/红岸/zhina.red/images/ae6b2cbb-047d-43b2-a477-0d5bcffe3a7fb148.png]
[D:/红案/红岸/zhina.red/images/67f0a39b-59d6-4599-b7b1-e25d3219b2e7e793.png]
[D:/红案/红岸/zhina.red/images/ae283ae8-c992-49d8-9cc8-4f247e1c5dbfacff.png]
[D:/红案/红岸/zhina.red/images/cd66ccf4-5d4f-49db-aef5-2aa38f3d630a1092.png]
[D:/红案/红岸/zhina.red/images/b51c3164-6933-4c86-88c0-9d17cfc6ba118812.png]
[D:/红案/红岸/zhina.red/images/663c5c92-440f-4de5-8d65-ff8718025f782e5d.png]
[D:/红案/红岸/zhina.red/images/19b252b9-452b-491b-b2da-d761d4eef0ede9aa.png]
[D:/红案/红岸/zhina.red/persondetailc8f3.html]
[D:/红案/红岸/zhina.red/images/78316048-56ff-4a04-b2a0-17e8f0408cf397b9.jpeg]
[D:/红案/红岸/zhina.red/images/bf52e6ad-7f5f-4fdc-aa0c-6dd8973d65efb2d7.jpeg]
[D:/红案/红岸/zhina.red/images/674c7ad8-7b3a-4584-9f09-755f89f62e645f59.jpeg]
[D:/红案/红岸/zhina.red/images/2fe4ede7-645a-49cc-8b5c-0fe7a8440eb600e2.jpeg]
[D:/红案/红岸/zhina.red/images/90d04b84-8902-413b-bc51-a75c12d1a4e48e52.png]
[D:/红案/红岸/zhina.red/images/036dda9a-3a76-46b3-84b5-71ffa9e18db043b9.png]
[D:/红案/红岸/zhina.red/images/4f919949-5bf3-4e6b-bf06-67768f69c688b52a.jpeg]
[D:/红案/红岸/zhina.red/images/575dfbbf-b338-4f52-8c80-f60bdea625a6ee4a.jpeg]
[D:/红案/红岸/zhina.red/images/d7d12ce8-66fd-49b1-bc04-267ff802dee8a525.jpeg]
[D:/红案/红岸/zhina.red/images/9715f324-6a70-48ab-8f20-d3c88a46cc2a08da.jpeg]
[D:/红案/红岸/zhina.red/images/274a117f-713e-4e3f-be4b-421ccb2afc25dc6c.jpeg]
[D:/红案/红岸/zhina.red/images/0ef61771-1a91-4c36-b8df-7cb48d5af694b6b0.jpeg]
[D:/红案/红岸/zhina.red/images/e57d89f5-626f-4424-a08d-b6dfb82e3cad4bd4.octet-stream]
[D:/红案/红岸/zhina.red/images/a4194b18-77a8-426f-b1e7-8c9743faf2b8fa15.jpeg]
[D:/红案/红岸/zhina.red/persondetail429e.html]
[D:/红案/红岸/zhina.red/images/48c18c3a-f6fd-4c12-889f-99d3a8946a50e9b2.png]
[D:/红案/红岸/zhina.red/images/642ddc19-9562-4c8a-ad65-e9733c3db6044aa8.png]
[D:/红案/红岸/zhina.red/images/b7d4bc41-65c9-40fa-9a23-df8c827a5e81ec71.png]
[D:/红案/红岸/zhina.red/images/3ef079e5-df5c-4464-96ab-ac8a2ac77be0fcc5.jpeg]
[D:/红案/红岸/zhina.red/persondetail12ac.html]
[D:/红案/红岸/zhina.red/images/3dddac58-72d3-446f-ac4d-f835f7d90797c6de.jpeg]
[D:/红案/红岸/zhina.red/images/f3cafc9f-23dc-4c54-acbf-d65c8e1e6a824a6c.jpeg]
[D:/红案/红岸/zhina.red/images/74d6e401-b2f5-419f-9816-f9e79209b3500bf3.jpeg]
[D:/红案/红岸/zhina.red/dangerous_outbound_warning8a2f.html]
[D:/红案/红岸/zhina.red/images/43cdfbc6-c3d6-4c20-b56c-ff5cd041f9a5577f.png]
[D:/红案/红岸/zhina.red/images/8d7b8e14-0acd-468c-9ed7-c7ef1d5081ffe35c.png]
[D:/红案/红岸/zhina.red/persondetailfefd.html]
[D:/红案/红岸/zhina.red/images/54342148-c230-464f-bf6c-692df1f46c776482.png]
[D:/红案/红岸/zhina.red/images/c46750ea-c55c-4f78-b402-bfa2790b93c193db.png]
[D:/红案/红岸/zhina.red/images/7405407b-59a3-4f28-b807-3ebddfd39d0731e4.jpeg]
[D:/红案/红岸/zhina.red/images/7bca9e28-4324-4a5a-999b-54b0404f9dc86eac.png]
[D:/红案/红岸/zhina.red/images/1e8d288d-4ca2-4519-a58c-d8868509cb45a80d.jpeg]
[D:/红案/红岸/zhina.red/persondetail84a2.html]
[D:/红案/红岸/zhina.red/images/6499a5f7-e722-47c9-b90d-564c7eb7f5ee2749.png]
[D:/红案/红岸/zhina.red/images/b6052e34-6e09-45da-bf5b-5e6af99987897677.jpeg]
[D:/红案/红岸/zhina.red/images/4281752a-5e71-45e0-b1cd-f5117efeab72780e.png]
[D:/红案/红岸/zhina.red/images/950e57e2-93c5-495d-8e00-632289f2925d3dca.png]
[D:/红案/红岸/zhina.red/dangerous_outbound_warning4d2c.html]
[D:/红案/红岸/zhina.red/persondetailb81f.html]
[D:/红案/红岸/zhina.red/images/3696a232-9b30-4745-83c0-18d8a4c297f69e08.jpeg]
[D:/红案/红岸/zhina.red/images/cb52368a-4dfb-453e-951c-45d047313e4c0524.png]
[D:/红案/红岸/zhina.red/images/fd80bf95-c592-47c7-88da-e46bb279609eda0e.png]
[D:/红案/红岸/zhina.red/images/b7932f46-fef9-4144-8e54-a0482e8328fee457.png]
[D:/红案/红岸/zhina.red/images/dd52aadf-b128-4baf-911f-e3dd8289777c9d95.jpeg]
[D:/红案/红岸/zhina.red/images/7623c823-c6ff-4c76-a58e-16ae8faedfd0f6d3.octet-stream]
[D:/红案/红岸/zhina.red/images/a2dba2e2-5464-49d8-8704-54d557f90da16943.jpeg]
[D:/红案/红岸/zhina.red/images/e5af1dc9-d6c7-47cd-8c2b-c1f554f205b254ae.jpeg]
[D:/红案/红岸/zhina.red/persondetail5c8b.html]
[D:/红案/红岸/zhina.red/images/018f4fe6-f119-4acd-9bc1-c8184cc9fe988690.jpeg]
[D:/红案/红岸/zhina.red/persondetailc518.html]
[D:/红案/红岸/zhina.red/images/f80deefb-2611-4f80-94f1-4f1bf38e40a8462a.jpeg]
[D:/红案/红岸/zhina.red/persondetail7cb8.html]
[D:/红案/红岸/zhina.red/images/d7f78e5f-aa9a-4962-a081-adc40b5d2135c464.png]
[D:/红案/红岸/zhina.red/images/2221a3fb-5862-4f2c-96d4-a057336cccb77183.png]
[D:/红案/红岸/zhina.red/images/d87adee1-060c-476e-9603-54ec72cc2ca6989a.png]
[D:/红案/红岸/zhina.red/images/72000801-fe8b-4ae8-aa3c-e99b9b8463cb7c0e.jpeg]
[D:/红案/红岸/zhina.red/images/676dae13-137f-4c06-a911-115818d8b666cd80.jpeg]
[D:/红案/红岸/zhina.red/images/286848c4-066d-4c7a-889d-6745992b095b8774.jpeg]
[D:/红案/红岸/zhina.red/images/6262a6e2-4d10-4865-99b1-5dca9e68e0fe4ade.png]
[D:/红案/红岸/zhina.red/persondetail1e6e.html]
[D:/红案/红岸/zhina.red/images/0da3d9cf-b26b-4a56-8f12-467727ca51b18048.jpeg]
[D:/红案/红岸/zhina.red/images/88d67598-5389-4a8c-ac5b-75ba702c0ac09d0b.jpeg]
[D:/红案/红岸/zhina.red/images/95d2ff4f-cae2-44cc-a2ea-b0c1f3823adda34c.jpeg]
[D:/红案/红岸/zhina.red/images/0daa9737-6bda-43d5-ac17-55ef0ed78bb311f5.png]
[D:/红案/红岸/zhina.red/persondetail9896.html]
[D:/红案/红岸/zhina.red/images/10b0fe6e-32e7-4191-9a54-8fa0478ea2b0ec72.jpeg]
[D:/红案/红岸/zhina.red/images/0ca9b9db-4a77-4498-846e-e840dd09436becf2.jpeg]
[D:/红案/红岸/zhina.red/dangerous_outbound_warninge973.html]
[D:/红案/红岸/zhina.red/images/b7acb6c4-1fa8-4500-affd-a6f3ee69c6530b31.jpeg]
[D:/红案/红岸/zhina.red/persondetaila59d.html]
[D:/红案/红岸/zhina.red/images/cee5dd71-0070-46d3-8988-1f641fa7cca4ce10.jpeg]
[D:/红案/红岸/zhina.red/images/aa9958b2-a78e-4f22-af50-145bca1c99ecda71.png]
[D:/红案/红岸/zhina.red/images/8051e5fa-4364-45ea-b7fb-2e3cb94a907be56d.png]
[D:/红案/红岸/zhina.red/images/4cdd6011-04f1-4863-a98c-e3f43c099b9254bb.png]
[D:/红案/红岸/zhina.red/persondetail4cd1.html]
[D:/红案/红岸/zhina.red/images/09220757-6ca0-4c13-9480-759762ed3edc67d7.jpeg]
[D:/红案/红岸/zhina.red/images/cab673dd-d9f3-4a82-89de-b3fdd0eb90fe53ba.jpeg]
[D:/红案/红岸/zhina.red/images/ea8bafce-c8bd-445e-8573-63e3c2a48d8de1a1.jpeg]
[D:/红案/红岸/zhina.red/images/282be0e5-b1c9-4531-953e-f69aa01e8721e716.png]
[D:/红案/红岸/zhina.red/images/f7beabd9-9d1f-4b0d-915d-c5dbe36f39ef10b7.jpeg]
[D:/红案/红岸/zhina.red/images/3051bbff-2939-4946-924b-a289f867cb0735f0.png]
[D:/红案/红岸/zhina.red/images/e28ab477-a2af-4d64-9796-d3f40fd3e22645e8.png]
[D:/红案/红岸/zhina.red/images/ae4f5389-2b4a-48af-b613-b19c606e102c3d9f.png]
[D:/红案/红岸/zhina.red/images/ccbbaeeb-bc4f-4cf0-a155-f6285cd00b0763a7.png]
[D:/红案/红岸/zhina.red/persondetail3b85.html]
[D:/红案/红岸/zhina.red/images/e1a55262-d635-4cae-a6cf-f2d86d568e4aff1c.png]
[D:/红案/红岸/zhina.red/images/4e2c4120-e048-4ac9-afdb-4218e439222cbb23.png]
[D:/红案/红岸/zhina.red/images/e51021bb-706b-4ab6-87bf-0f13ab23702af3d0.jpeg]
[D:/红案/红岸/zhina.red/persondetail8683.html]
[D:/红案/红岸/zhina.red/images/52ce3466-f8bd-43fd-a52f-ff2fea9898bb6aaa.png]
[D:/红案/红岸/zhina.red/images/fc07cdd1-c692-479b-9404-a85d7d3bb50c6c8d.png]
[D:/红案/红岸/zhina.red/images/8392eec9-5db1-485e-901a-c192560cde744748.png]
[D:/红案/红岸/zhina.red/images/4a7a1e39-bdf8-4de6-a87c-4f90d36bb270bd31.png]
[D:/红案/红岸/zhina.red/images/6f07372f-a56d-409a-a8fa-e49ca4f7d9c40f20.png]
[D:/红案/红岸/zhina.red/images/4167360e-f34a-43fa-8e16-c2930fb460caff89.png]
[D:/红案/红岸/zhina.red/images/08c15c69-5473-4c11-9726-9dc761a3426ea43b.jpeg]
[D:/红案/红岸/zhina.red/persondetail75e6.html]
[D:/红案/红岸/zhina.red/images/b56d6402-dc85-40ff-a617-6be07fd0db424b8f.jpeg]
[D:/红案/红岸/zhina.red/images/947e237f-7700-43fd-b189-907a6203c539c895.jpeg]
[D:/红案/红岸/zhina.red/images/fc73612a-aabb-414c-a67c-a4fe74ea074f16b7.jpeg]
[D:/红案/红岸/zhina.red/images/ebff1237-2acf-4b1d-83dd-ca1b97c8ed95681e.png]
[D:/红案/红岸/zhina.red/persondetail76aa.html]
[D:/红案/红岸/zhina.red/images/b7685f70-54f7-4ec9-8ded-a8d75d51525367e7.png]
[D:/红案/红岸/zhina.red/images/2a819e11-2a36-48b3-b73f-c8fa788f4289e362.jpeg]
[D:/红案/红岸/zhina.red/images/bc0640d9-33b0-4310-81a4-a0f57fda445ae312.jpeg]
[D:/红案/红岸/zhina.red/persondetail82f2.html]
[D:/红案/红岸/zhina.red/images/2f297128-51be-41d6-b910-5433df17e063c1fa.png]
[D:/红案/红岸/zhina.red/images/2d6d1d8b-9946-4125-b0cf-263363502972eb46.png]
[D:/红案/红岸/zhina.red/images/e2b92030-9a16-4f81-95cd-4325669256c72ffe.jpeg]
[D:/红案/红岸/zhina.red/images/44ee78af-74aa-4beb-b49b-48bf3cd19e2768f6.png]
[D:/红案/红岸/zhina.red/persondetail6f8f.html]
[D:/红案/红岸/zhina.red/images/ce7865ea-27a2-422d-b3c4-6cfbf5c14cc42b2b.png]
[D:/红案/红岸/zhina.red/images/98f00aca-f27d-4521-a013-12607705230fbf16.png]
[D:/红案/红岸/zhina.red/images/0066f09f-853d-40e9-8a65-62f4a7d114a8832e.png]
[D:/红案/红岸/zhina.red/images/3d866063-47d9-4ecc-bf44-3953a30f27a51899.jpeg]
[D:/红案/红岸/zhina.red/images/0a11e5aa-5494-4825-91c4-54f806fc85e4ff46.jpeg]
[D:/红案/红岸/zhina.red/images/137fdf30-019c-49c5-b3dd-7722fdb24fd22c67.jpeg]
[D:/红案/红岸/zhina.red/images/b46d1333-fccd-4b66-a885-f38e044cbb5586c7.jpeg]
[D:/红案/红岸/zhina.red/images/e05de47a-f168-423a-899e-cd0e62ac48cf1ec3.jpeg]
[D:/红案/红岸/zhina.red/images/728d5c7b-2a9f-46b2-94a9-c4411ca9789a3c94.jpeg]
[D:/红案/红岸/zhina.red/persondetail1011.html]
[D:/红案/红岸/zhina.red/images/8357d005-25a4-4cc7-ba96-148378bbd7355a6a.png]
[D:/红案/红岸/zhina.red/images/6a606978-1067-4c46-abbb-a523852ab1186cb1.png]
[D:/红案/红岸/zhina.red/images/ae841283-727f-4ca5-a8ac-682366d426d35eba.png]
[D:/红案/红岸/zhina.red/images/cdce36a3-671e-40c5-90bf-60bf0d4529c5a64e.png]
[D:/红案/红岸/zhina.red/images/b36ac551-1c27-4b06-a1c3-5127c944e2d1507c.png]
[D:/红案/红岸/zhina.red/images/7f8289a3-a69e-4f45-bae3-1cc9ba33db7e6b39.jpeg]
[D:/红案/红岸/zhina.red/persondetail99ca.html]
[D:/红案/红岸/zhina.red/images/672c2404-c4ad-4d52-b1e2-2ed3283b1fffef04.png]
[D:/红案/红岸/zhina.red/images/d2a7e5e8-9dbb-41af-9c98-52d6351ca9f50ce5.png]
[D:/红案/红岸/zhina.red/images/c9500eae-7827-47c8-9ab4-3ae964956b3f1d95.jpeg]
[D:/红案/红岸/zhina.red/images/53a70ef2-38d3-4b5e-8596-6324da87ef60ddb3.jpeg]
[D:/红案/红岸/zhina.red/images/b4786f44-81a5-43ca-ac32-d54e89adc117f522.jpeg]
[D:/红案/红岸/zhina.red/images/9ee76e2c-c5e5-475a-afd2-d0654a987731b008.jpeg]
[D:/红案/红岸/zhina.red/persondetailf0a0.html]
[D:/红案/红岸/zhina.red/images/0d833e14-87a2-47fd-82b2-9abc1e44cc99e4f8.png]
[D:/红案/红岸/zhina.red/images/1512bf6a-dac9-4f9d-8296-2b7a2b1c92bd9ced.png]
[D:/红案/红岸/zhina.red/images/510a8bf9-530a-11e9-ba6d-525400e5eb2aa34e.png]
[D:/红案/红岸/zhina.red/images/66739995-530a-11e9-ba6d-525400e5eb2a291b.png]
[D:/红案/红岸/zhina.red/images/70173613-530a-11e9-ba6d-525400e5eb2a6774.png]
[D:/红案/红岸/zhina.red/persondetail848d.html]
[D:/红案/红岸/zhina.red/images/1238272c-0ce3-4a48-bbf6-c9dc634e639575e7.jpeg]
[D:/红案/红岸/zhina.red/images/961165d4-efaa-436a-a44f-9fc719642e6c0cc6.png]
[D:/红案/红岸/zhina.red/persondetailc055.html]
[D:/红案/红岸/zhina.red/email-protection.html]
[D:/红案/红岸/zhina.red/images/favicon.ico]
[D:/红案/红岸/zhina.red/images/siteutil9876.js]
[D:/红案/红岸/zhina.red/images/maine559.css]
[D:/红案/红岸/zhina.red/images/bootstrap.min.css]
[D:/红案/红岸/zhina.red/images/email-decode.min.js]
[D:/红案/红岸/zhina.red/dangerous_outbound_warningb892.html]
[D:/红案/红岸/zhina.red/dangerous_outbound_warning5e36.html]
[D:/红案/红岸/zhina.red/dangerous_outbound_warningcbcf.html]
[D:/红案/红岸/zhina.red/dangerous_outbound_warningff1b.html]
[D:/红案/红岸/zhina.red/dangerous_outbound_warningf5f4.html]
[D:/红案/红岸/zhina.red/dangerous_outbound_warninge2af.html]
[D:/红案/红岸/zhina.red/dangerous_outbound_warningac76.html]
[D:/红案/红岸/zhina.red/dangerous_outbound_warning5ecd.html]
[D:/红案/红岸/zhina.red/dangerous_outbound_warning8a2f.html]
[D:/红案/红岸/zhina.red/dangerous_outbound_warning4d2c.html]
[D:/红案/红岸/zhina.red/dangerous_outbound_warninge973.html]
[D:/红案/红岸/zhina.red/images/bootstrap.min.css]
